Archive member included because of file (symbol)

../lib/libbwio.a(bwio.o)      kernel.o (bwprintf)
/u/wbcowan/gnuarm-4.0.2/lib/gcc/arm-elf/4.0.2/libgcc.a(_udivsi3.o)
                              ../lib/libbwio.a(bwio.o) (__udivsi3)
/u/wbcowan/gnuarm-4.0.2/lib/gcc/arm-elf/4.0.2/libgcc.a(_umodsi3.o)
                              ../lib/libbwio.a(bwio.o) (__umodsi3)
/u/wbcowan/gnuarm-4.0.2/lib/gcc/arm-elf/4.0.2/libgcc.a(_dvmd_tls.o)
                              /u/wbcowan/gnuarm-4.0.2/lib/gcc/arm-elf/4.0.2/libgcc.a(_udivsi3.o) (__div0)

Memory Configuration

Name             Origin             Length             Attributes
ram              0x0000000000000000 0x0000000002000000
rom              0x0000000060000000 0x0000000000800000
*default*        0x0000000000000000 0xffffffffffffffff

Linker script and memory map


data            0x0000000000000000        0x0
                0x0000000000000000                _DataStart = .
 *(.data)
                0x0000000000000000                _DataEnd = .

bss             0x0000000000000000        0x0
                0x0000000000000000                _BssStart = .
 *(.bss)
                0x0000000000000000                _BssEnd = .

text            0x0000000000000000     0x1858
 *(.text)
 .text          0x0000000000000000      0x9ec kernel.o
                0x000000000000012c                initialize_td_pq
                0x000000000000052c                Create
                0x00000000000009c0                ker_exit
                0x000000000000007c                schedule
                0x00000000000001ac                pq_pop_front
                0x0000000000000518                MyTid
                0x00000000000002f8                pq_push_back
                0x0000000000000800                handle
                0x0000000000000990                ker_entry
                0x0000000000000840                main
                0x0000000000000660                initialize
                0x0000000000000048                spawnedTask
                0x0000000000000000                FirstUserTask
                0x0000000000000474                initialize_td
                0x000000000000054c                get_free_td
 .text          0x00000000000009ec      0xc54 ../lib/libbwio.a(bwio.o)
                0x0000000000000d64                bwputr
                0x00000000000012d0                bwi2a
                0x00000000000009ec                bwsetfifo
                0x0000000000000bc0                bwputc
                0x0000000000001020                bwa2d
                0x0000000000000ab4                bwsetspeed
                0x0000000000000c84                c2x
                0x00000000000010c8                bwa2i
                0x0000000000000f68                bwgetc
                0x000000000000118c                bwui2a
                0x0000000000001334                bwformat
                0x0000000000000e60                bwputw
                0x0000000000001608                bwprintf
                0x0000000000000ce4                bwputx
                0x0000000000000de4                bwputstr
 .text          0x0000000000001640      0x110 /u/wbcowan/gnuarm-4.0.2/lib/gcc/arm-elf/4.0.2/libgcc.a(_udivsi3.o)
                0x0000000000001640                __udivsi3
                0x0000000000001738                __aeabi_uidivmod
 .text          0x0000000000001750       0xcc /u/wbcowan/gnuarm-4.0.2/lib/gcc/arm-elf/4.0.2/libgcc.a(_umodsi3.o)
                0x0000000000001750                __umodsi3
 .text          0x000000000000181c        0x4 /u/wbcowan/gnuarm-4.0.2/lib/gcc/arm-elf/4.0.2/libgcc.a(_dvmd_tls.o)
                0x000000000000181c                __aeabi_ldiv0
                0x000000000000181c                __div0
                0x000000000000181c                __aeabi_idiv0
 *(.got)
 .got           0x0000000000001820        0x8 kernel.o
 *(.got.plt)
 .got.plt       0x0000000000001828        0xc kernel.o
                0x0000000000001828                _GLOBAL_OFFSET_TABLE_
 *(.rodata)
 .rodata        0x0000000000001834       0x24 kernel.o
 *(.glue_7)
 *(.glue_7t)

.rel.dyn
LOAD kernel.o
LOAD ../lib/libbwio.a
LOAD /u/wbcowan/gnuarm-4.0.2/lib/gcc/arm-elf/4.0.2/libgcc.a
OUTPUT(kernel.elf elf32-littlearm)

.comment        0x0000000000000000       0x35
 .comment       0x0000000000000000       0x23 kernel.o
 .comment       0x0000000000000023       0x12 ../lib/libbwio.a(bwio.o)

.debug_line     0x0000000000000000      0x14f
 .debug_line    0x0000000000000000       0x86 /u/wbcowan/gnuarm-4.0.2/lib/gcc/arm-elf/4.0.2/libgcc.a(_udivsi3.o)
 .debug_line    0x0000000000000086       0x6f /u/wbcowan/gnuarm-4.0.2/lib/gcc/arm-elf/4.0.2/libgcc.a(_umodsi3.o)
 .debug_line    0x00000000000000f5       0x5a /u/wbcowan/gnuarm-4.0.2/lib/gcc/arm-elf/4.0.2/libgcc.a(_dvmd_tls.o)

.debug_info     0x0000000000000000      0x153
 .debug_info    0x0000000000000000       0x71 /u/wbcowan/gnuarm-4.0.2/lib/gcc/arm-elf/4.0.2/libgcc.a(_udivsi3.o)
 .debug_info    0x0000000000000071       0x71 /u/wbcowan/gnuarm-4.0.2/lib/gcc/arm-elf/4.0.2/libgcc.a(_umodsi3.o)
 .debug_info    0x00000000000000e2       0x71 /u/wbcowan/gnuarm-4.0.2/lib/gcc/arm-elf/4.0.2/libgcc.a(_dvmd_tls.o)

.debug_abbrev   0x0000000000000000       0x3c
 .debug_abbrev  0x0000000000000000       0x14 /u/wbcowan/gnuarm-4.0.2/lib/gcc/arm-elf/4.0.2/libgcc.a(_udivsi3.o)
 .debug_abbrev  0x0000000000000014       0x14 /u/wbcowan/gnuarm-4.0.2/lib/gcc/arm-elf/4.0.2/libgcc.a(_umodsi3.o)
 .debug_abbrev  0x0000000000000028       0x14 /u/wbcowan/gnuarm-4.0.2/lib/gcc/arm-elf/4.0.2/libgcc.a(_dvmd_tls.o)

.debug_aranges  0x0000000000000000       0x60
 .debug_aranges
                0x0000000000000000       0x20 /u/wbcowan/gnuarm-4.0.2/lib/gcc/arm-elf/4.0.2/libgcc.a(_udivsi3.o)
 .debug_aranges
                0x0000000000000020       0x20 /u/wbcowan/gnuarm-4.0.2/lib/gcc/arm-elf/4.0.2/libgcc.a(_umodsi3.o)
 .debug_aranges
                0x0000000000000040       0x20 /u/wbcowan/gnuarm-4.0.2/lib/gcc/arm-elf/4.0.2/libgcc.a(_dvmd_tls.o)
